main.c:116:5:main	312	static
main.c:646:6:SystemClock_Config	88	static
main.c:691:13:MX_ADC1_Init	24	static
main.c:741:13:MX_SPI3_Init	8	static
main.c:779:13:MX_TIM3_Init	32	static
main.c:824:13:MX_TIM11_Init	8	static
main.c:855:13:MX_USART2_UART_Init	8	static
main.c:886:13:MX_DMA_Init	16	static
main.c:904:13:MX_GPIO_Init	48	static
main.c:953:6:UARTRecieveAndResponsePolling	40	static
main.c:965:9:UARTRecieveIT	16	static
main.c:977:6:HAL_UART_RxCpltCallback	16	static
main.c:983:6:MCP4922SetOutput	24	static
main.c:990:6:HAL_SPI_TxCpltCallback	16	static
main.c:998:6:HAL_TIM_PeriodElapsedCallback	24	static
main.c:1006:17:micros	12	static
main.c:1016:6:Error_Handler	4	static,ignoring_inline_asm
